src/app/(protected)/profile/error.tsx(10,22): error TS7031: Binding element 'error' implicitly has an 'any' type.
src/app/(protected)/profile/error.tsx(11,40): error TS2554: Expected 2-3 arguments, but got 1.
src/app/(protected)/profile/error.tsx(19,17): error TS2353: Object literal may only specify known properties, and 'minHeight' does not exist in type 'ContainerProps'.
src/app/not-found.tsx(14,17): error TS2353: Object literal may only specify known properties, and 'justifyContent' does not exist in type 'ContainerProps'.
src/components/AuthForm/AuthForm.tsx(23,40): error TS2769: No overload matches this call.
  Overload 1 of 2, '(action: (state: { error: any; }) => { error: any; } | Promise<{ error: any; }>, initialState: { error: any; }, permalink?: string | undefined): [state: { error: any; }, dispatch: () => void, isPending: boolean]', gave the following error.
    Argument of type '(previousState: any, formData: FormData) => Promise<{ error: any; }>' is not assignable to parameter of type '(state: { error: any; }) => { error: any; } | Promise<{ error: any; }>'.
      Target signature provides too few arguments. Expected 2 or more, but got 1.
  Overload 2 of 2, '(action: (state: { error: any; }, payload: FormData) => { error: any; } | Promise<{ error: any; }>, initialState: { error: any; }, permalink?: string | undefined): [state: ...]', gave the following error.
    Argument of type '{}' is not assignable to parameter of type '{ error: any; }'.
      Property 'error' is missing in type '{}' but required in type '{ error: any; }'.
src/components/AuthForm/AuthForm.tsx(98,29): error TS2322: Type 'Dispatch<SetStateAction<null>>' is not assignable to type '(error: string | null) => void'.
  Types of parameters 'value' and 'error' are incompatible.
    Type 'string | null' is not assignable to type 'SetStateAction<null>'.
      Type 'string' is not assignable to type 'SetStateAction<null>'.
src/components/AuthForm/AuthForm.tsx(104,94): error TS2769: No overload matches this call.
  Overload 1 of 2, '(props: { component: ElementType<any, keyof IntrinsicElements>; } & TypographyOwnProps & CommonProps & Omit<any, "zIndex" | ... 112 more ... | "variantMapping">): Element | null', gave the following error.
    Type '"span"' is not assignable to type 'OverridableStringUnion<TypographyVariant | "inherit", TypographyPropsVariantOverrides> | undefined'.
  Overload 2 of 2, '(props: DefaultComponentProps<TypographyTypeMap<{}, "span">>): Element | null', gave the following error.
    Type '"span"' is not assignable to type 'OverridableStringUnion<TypographyVariant | "inherit", TypographyPropsVariantOverrides> | undefined'.
src/components/GoogleButton/GoogleButton.tsx(23,22): error TS2339: Property 'digest' does not exist on type '{}'.
src/components/LeaveReview/LeaveReview.tsx(22,40): error TS2554: Expected 2-3 arguments, but got 1.
src/components/LeaveReview/LeaveReview.tsx(22,56): error TS7006: Parameter 'previousState' implicitly has an 'any' type.
src/components/LeaveReview/LeaveReview.tsx(22,71): error TS7006: Parameter 'formData' implicitly has an 'any' type.
src/components/LeaveReview/LeaveReview.tsx(26,20): error TS2339: Property 'data' does not exist on type '{}'.
src/components/LeaveReview/LeaveReview.tsx(80,37): error TS2339: Property 'error' does not exist on type '{}'.
src/components/LeaveReview/LeaveReview.tsx(80,115): error TS2339: Property 'error' does not exist on type '{}'.
src/components/LeaveReview/LeaveReview.tsx(83,26): error TS2739: Type '{ placeholder: string; multiline: true; name: string; rows: number; }' is missing the following properties from type 'FormInput': label, type
src/components/LogoutButton/LogoutButton.tsx(10,40): error TS2554: Expected 2-3 arguments, but got 1.
src/components/ProfilePic/ProfilePic.tsx(18,40): error TS2769: No overload matches this call.
  Overload 1 of 2, '(action: (state: { error: any; }) => { error: any; } | Promise<{ error: any; }>, initialState: { error: any; }, permalink?: string | undefined): [state: { error: any; }, dispatch: () => void, isPending: boolean]', gave the following error.
    Argument of type '(previousState: any, formData: FormData) => Promise<{ error: any; }>' is not assignable to parameter of type '(state: { error: any; }) => { error: any; } | Promise<{ error: any; }>'.
      Target signature provides too few arguments. Expected 2 or more, but got 1.
  Overload 2 of 2, '(action: (state: { error: any; }, payload: FormData) => { error: any; } | Promise<{ error: any; }>, initialState: { error: any; }, permalink?: string | undefined): [state: ...]', gave the following error.
    Object literal may only specify known properties, and 'data' does not exist in type '{ error: any; }'.
src/theme/theme.ts(20,9): error TS2687: All declarations of 'light' must have identical modifiers.
src/theme/theme.ts(20,9): error TS2717: Subsequent property declarations must have the same type.  Property 'light' must be of type 'string', but here has type 'string | undefined'.
